// Jest Snapshot v1, https://goo.gl/fbAQLP

exports[`Badge should render a styled badge from config 1`] = `
.c0 {
  -webkit-align-items: center;
  -webkit-box-align: center;
  -ms-flex-align: center;
  align-items: center;
  -webkit-box-pack: center;
  -webkit-justify-content: center;
  -ms-flex-pack: center;
  justify-content: center;
  display: -webkit-box;
  display: -webkit-flex;
  display: -ms-flexbox;
  display: flex;
  height: 100%;
  -webkit-user-select: none;
  -moz-user-select: none;
  -ms-user-select: none;
  user-select: none;
}

.c1 {
  border: 1px solid #474D66;
  color: #474D66;
  background-color: #EDEFF5;
  padding: 2px 5px;
  border-radius: 3px;
  font-size: 0.75rem;
  text-transform: uppercase;
  font-weight: bold;
}

<span
  className="c0"
>
  <span
    className="c1"
  >
    badge
  </span>
</span>
`;
